// Jest Snapshot v1, https://goo.gl/fbAQLP

exports[`ModalList.vue should match snapshot 1`] = `
<section
  name="modals"
>
  <mfn-generic-modal-stub />
   
  <modal-button-stub />
   
  <modal-grid-stub />
   
  <modal-action-bar-stub />
   
  <modal-first-row-stub />
   
  <modal-second-row-stub />
   
  <modal-extras-stub />
   
  <modal-icon-stub />
   
  <modal-image-stub />
   
  <modal-logo-stub />
   
  <modal-menu-stub />
   
  <modal-menu-icon-stub />
   
  <modal-social-media-stub />
   
  <modal-text-stub />
</section>
`;
